// Jest Snapshot v1, https://goo.gl/fbAQLP

exports[`Auth component renders properly 1`] = `
<div
  className="form-container"
>
  <div
    className="form-authenticate"
  >
    <div
      className="form-icon"
    />
    <div
      id="loginform"
    >
      <label
        className="form-label"
      >
        Email
      </label>
      <div
        className="form-input-container"
      >
        <input
          autoComplete="off"
          id="signin_email"
          onChange={[Function]}
          type="email"
          value="jester@gmail.com"
        />
      </div>
      <label
        className="form-label"
      >
        Password
      </label>
      <div
        className="form-input-container"
      >
        <input
          autoComplete="off"
          id="signin_pass"
          onChange={[Function]}
          type="password"
          value="fake"
        />
      </div>
      <div
        style={
          Object {
            "color": "var(--color-mid-75)",
            "cursor": "pointer",
            "marginBottom": "16px",
          }
        }
      >
        <a
          className="forgot_link"
          onClick={[Function]}
        >
          Forgot your password?
        </a>
      </div>
      <button
        className="form-button"
        disabled={false}
        id="submit"
        onClick={[Function]}
        type="submit"
      >
        Login
      </button>
      <div
        className="form-error"
      >
        
      </div>
    </div>
  </div>
  <div
    className="form-options"
  >
    <label
      className="check_container hover_label"
      onClick={[Function]}
      style={
        Object {
          "margin": "auto auto 12px auto",
          "width": "max-content",
        }
      }
    >
      Remember me?
      <input
        checked={false}
        disabled={true}
        type="checkbox"
      />
      <span
        className="checkmark"
      />
    </label>
    <div
      className="message_small"
    >
      Dont have an account?
       
      <a
        className="signup_link"
        onClick={[Function]}
      >
        Sign up!
      </a>
    </div>
    <div
      className="message_small"
    >
      You can also
       
      <a
        className="offline_link"
        onClick={[Function]}
      >
        continue offline
      </a>
    </div>
  </div>
</div>
`;
